// Jest Snapshot v1, https://goo.gl/fbAQLP

exports[`Component: Leaderboard tests if only one table is rendered at a time 1`] = `
<Leaderboard
  classes={
    Object {
      "root": "Leaderboard-root-1",
    }
  }
/>
`;

exports[`Component: Leaderboard tests matching snapshot on leaderboard 1`] = `
<Leaderboard
  classes={
    Object {
      "root": "Leaderboard-root-1",
    }
  }
/>
`;
